---
source: crates/panache-parser/tests/yaml.rs
assertion_line: 250
expression: snapshot
---
case_id: XW4D
input: "a: \"double\n  quotes\" # lala\nb: plain\n value  # lala\nc  : #lala\n  d\n? # lala\n - seq1\n: # lala\n - #lala\n  seq2\ne:\n &node # lala\n - x: y\nblock: > # lala\n  abcde\n"
has_error_contract: false
parsed_mapping_tree: true
diagnostics: []
